---
source: prqlc/prqlc/src/semantic/resolver/mod.rs
expression: "resolve_lineage(r#\"\n            from orders\n            select {customer_no, gross, tax, gross - tax}\n            take 20\n            \"#).unwrap()"
---
columns:
  - Single:
      name:
        - orders
        - customer_no
      target_id: 123
      target_name: ~
      ty: ~
  - Single:
      name:
        - orders
        - gross
      target_id: 124
      target_name: ~
      ty: ~
  - Single:
      name:
        - orders
        - tax
      target_id: 125
      target_name: ~
      ty: ~
  - Single:
      name: ~
      target_id: 126
      target_name: ~
      ty:
        kind:
          Union:
            - - ~
              - kind:
                  Primitive: Int
                span: "0:970-973"
                name: ~
            - - ~
              - kind:
                  Primitive: Float
                span: "0:977-982"
                name: ~
            - - ~
              - kind:
                  Primitive: Timestamp
                span: "0:986-995"
                name: ~
            - - ~
              - kind:
                  Primitive: Date
                span: "0:999-1003"
                name: ~
        span: "0:970-1003"
        name: ~
inputs:
  - id: 121
    name: orders
    table:
      - default_db
      - orders
